00:00 +0: loading /Users/onronder/duru-notes/test/ui/task_creation_input_test.dart
00:00 +0: /Users/onronder/duru-notes/test/ui/task_creation_input_test.dart: Task Creation with User Input should use user input for task title
00:00 +1: /Users/onronder/duru-notes/test/ui/task_creation_input_test.dart: Task Creation with User Input should use user input for task title
00:00 +2: /Users/onronder/duru-notes/test/ui/task_creation_input_test.dart: Task Creation with User Input should use user input for task title
00:00 +3: /Users/onronder/duru-notes/test/ui/task_creation_input_test.dart: Task Creation with User Input should use user input for task title
00:00 +4: /Users/onronder/duru-notes/test/ui/task_creation_input_test.dart: Task Creation with User Input should use user input for task title
00:00 +5: /Users/onronder/duru-notes/test/ui/task_creation_input_test.dart: Task Creation with User Input should use user input for task title
00:00 +6: /Users/onronder/duru-notes/test/ui/task_creation_input_test.dart: Task Creation with User Input should use user input for task title
00:00 +7: /Users/onronder/duru-notes/test/ui/task_creation_input_test.dart: Task Creation with User Input should use user input for task title
00:00 +8: /Users/onronder/duru-notes/test/ui/task_creation_input_test.dart: Task Creation with User Input should use user input for task title
00:00 +9: /Users/onronder/duru-notes/test/ui/task_creation_input_test.dart: Task Creation with User Input should use user input for task title
00:00 +10: /Users/onronder/duru-notes/test/ui/task_creation_input_test.dart: Task Creation with User Input should use user input for task title
00:00 +10: /Users/onronder/duru-notes/test/migrations/migration_27_test.dart: Migration 27 Performance Indexes verification report can be generated

=== DATABASE INDEX VERIFICATION REPORT ===

Schema Version: 29
Expected Indexes: 17
Found Indexes: 17
Status: ✅ COMPLETE

✅ Successfully Verified (17):
   - idx_note_tags_batch_load
   - idx_note_links_batch_load
   - idx_note_folders_batch_load
   - idx_notes_user_updated_composite
   - idx_notes_pinned_updated
   - idx_note_folders_folder_updated
   - idx_tasks_note_status_composite
   - idx_tasks_status_due_composite
   - idx_tasks_priority_due
   - idx_notes_search_metadata
   - idx_note_tags_tag_search
   - idx_folders_hierarchy_path
   - idx_folders_root
   - idx_pending_ops_entity
   - idx_notes_version_updated
   - idx_reminders_active
   - idx_reminders_note_active

ℹ️  Extra Indexes (24):
   - idx_note_folders_note
   - idx_note_folders_folder
   - idx_local_notes_updated_notdeleted
   - idx_note_tags_tag
   - idx_note_links_target_title
   - idx_note_reminders_remind_at
   - idx_local_folders_parent_id
   - idx_local_folders_path
   - idx_local_folders_deleted
   - idx_local_folders_sort_order
   - idx_note_folders_folder_id
   - idx_note_tasks_note_id
   - idx_note_tasks_due_date
   - idx_note_tasks_status
   - idx_note_tasks_reminder_id
   - idx_note_tasks_parent
   - idx_saved_searches_pinned
   - idx_saved_searches_usage
   - idx_saved_searches_type
   - idx_attachments_note_id
   - idx_attachments_mime_type
   - idx_inbox_items_user_id
   - idx_inbox_items_unprocessed
   - idx_inbox_items_source_type

=== PERFORMANCE STATISTICS ===

Custom Indexes: 41
Database Size: 0.29 MB
Table Counts:
   - notes: 0
   - tasks: 0
   - folders: 0
   - tags: 0
   - links: 0

==========================================

00:00 +11: /Users/onronder/duru-notes/test/ui/task_creation_input_test.dart: Task Creation with User Input should use user input for task title
00:00 +12: /Users/onronder/duru-notes/test/ui/task_creation_input_test.dart: Task Creation with User Input should use user input for task title
00:00 +12 -1: /Users/onronder/duru-notes/test/ui/task_creation_input_test.dart: Task Creation with User Input should use user input for task title
00:00 +12 -1: /Users/onronder/duru-notes/test/migrations/migration_27_test.dart: Index Verifier verifier detects missing indexes [E]
  Expected: <17>
    Actual: <16>
  
  package:matcher                                     expect
  package:flutter_test/src/widget_tester.dart 473:18  expect
  test/migrations/migration_27_test.dart 240:7        main.<fn>.<fn>
  
00:00 +13 -1: /Users/onronder/duru-notes/test/ui/task_creation_input_test.dart: Task Creation with User Input should use user input for task title
00:00 +14 -1: /Users/onronder/duru-notes/test/ui/task_creation_input_test.dart: Task Creation with User Input should use user input for task title
00:00 +15 -1: /Users/onronder/duru-notes/test/ui/task_creation_input_test.dart: Task Creation with User Input should use user input for task title
00:00 +16 -1: /Users/onronder/duru-notes/test/ui/task_creation_input_test.dart: Task Creation with User Input should use user input for task title
00:00 +17 -1: /Users/onronder/duru-notes/test/ui/task_creation_input_test.dart: Task Creation with User Input should use user input for task title
00:00 +18 -1: /Users/onronder/duru-notes/test/ui/task_creation_input_test.dart: Task Creation with User Input should use user input for task title
00:00 +19 -1: /Users/onronder/duru-notes/test/ui/unified_block_editor_test.dart: UnifiedBlockEditor should show markdown toggle when enabled
00:00 +20 -1: /Users/onronder/duru-notes/test/ui/task_creation_input_test.dart: Task Creation with User Input should show validation error for empty title
00:00 +21 -1: /Users/onronder/duru-notes/test/ui/task_creation_input_test.dart: Task Creation with User Input should show validation error for empty title
00:01 +22 -1: /Users/onronder/duru-notes/test/ui/unified_block_editor_test.dart: UnifiedBlockEditor should delete block via actions menu
00:01 +23 -1: /Users/onronder/duru-notes/test/ui/unified_block_editor_test.dart: UnifiedBlockEditor should delete block via actions menu
